[0.625s] Invoking command in '/home/dongxu/ros2_ws/src/sutd_ws': PYTHONPATH=/home/dongxu/ros2_ws/src/sutd_ws/build/sutd_ws/prefix_override:/usr/lib/python3/dist-packages/colcon_core/task/python/colcon_distutils_commands:/home/dongxu/ros2_ws/src/sutd_ws/install/sutd_ws/lib/python3.10/site-packages:${PYTHONPATH} /usr/bin/python3 -W ignore:setup.py install is deprecated -W ignore:easy_install command is deprecated setup.py egg_info --egg-base build/sutd_ws build --build-base /home/dongxu/ros2_ws/src/sutd_ws/build/sutd_ws/build install --record /home/dongxu/ros2_ws/src/sutd_ws/build/sutd_ws/install.log --single-version-externally-managed install_data
[0.855s] running egg_info
[0.869s] writing build/sutd_ws/sutd_ws.egg-info/PKG-INFO
[0.870s] writing dependency_links to build/sutd_ws/sutd_ws.egg-info/dependency_links.txt
[0.870s] writing entry points to build/sutd_ws/sutd_ws.egg-info/entry_points.txt
[0.870s] writing requirements to build/sutd_ws/sutd_ws.egg-info/requires.txt
[0.870s] writing top-level names to build/sutd_ws/sutd_ws.egg-info/top_level.txt
[0.888s] reading manifest file 'build/sutd_ws/sutd_ws.egg-info/SOURCES.txt'
[0.889s] writing manifest file 'build/sutd_ws/sutd_ws.egg-info/SOURCES.txt'
[0.889s] running build
[0.889s] running build_py
[0.889s] copying sutd_ws/wall_follower.py -> /home/dongxu/ros2_ws/src/sutd_ws/build/sutd_ws/build/lib/sutd_ws
[0.890s] running install
[0.893s] running install_lib
[0.901s] copying /home/dongxu/ros2_ws/src/sutd_ws/build/sutd_ws/build/lib/sutd_ws/wall_follower.py -> /home/dongxu/ros2_ws/src/sutd_ws/install/sutd_ws/lib/python3.10/site-packages/sutd_ws
[0.902s] byte-compiling /home/dongxu/ros2_ws/src/sutd_ws/install/sutd_ws/lib/python3.10/site-packages/sutd_ws/wall_follower.py to wall_follower.cpython-310.pyc
[0.902s] running install_data
[0.903s] running install_egg_info
[0.912s] removing '/home/dongxu/ros2_ws/src/sutd_ws/install/sutd_ws/lib/python3.10/site-packages/sutd_ws-0.0.0-py3.10.egg-info' (and everything under it)
[0.912s] Copying build/sutd_ws/sutd_ws.egg-info to /home/dongxu/ros2_ws/src/sutd_ws/install/sutd_ws/lib/python3.10/site-packages/sutd_ws-0.0.0-py3.10.egg-info
[0.913s] running install_scripts
[0.949s] Installing autonomous_driving script to /home/dongxu/ros2_ws/src/sutd_ws/install/sutd_ws/lib/sutd_ws
[0.949s] Installing autonomous_driving2 script to /home/dongxu/ros2_ws/src/sutd_ws/install/sutd_ws/lib/sutd_ws
[0.949s] Installing depth script to /home/dongxu/ros2_ws/src/sutd_ws/install/sutd_ws/lib/sutd_ws
[0.949s] Installing final_code script to /home/dongxu/ros2_ws/src/sutd_ws/install/sutd_ws/lib/sutd_ws
[0.950s] Installing gap_follower script to /home/dongxu/ros2_ws/src/sutd_ws/install/sutd_ws/lib/sutd_ws
[0.950s] Installing gap_follower2 script to /home/dongxu/ros2_ws/src/sutd_ws/install/sutd_ws/lib/sutd_ws
[0.950s] Installing gap_follower3 script to /home/dongxu/ros2_ws/src/sutd_ws/install/sutd_ws/lib/sutd_ws
[0.950s] Installing keypressed_calculator script to /home/dongxu/ros2_ws/src/sutd_ws/install/sutd_ws/lib/sutd_ws
[0.950s] Installing keypressed_talker script to /home/dongxu/ros2_ws/src/sutd_ws/install/sutd_ws/lib/sutd_ws
[0.950s] Installing oldcode script to /home/dongxu/ros2_ws/src/sutd_ws/install/sutd_ws/lib/sutd_ws
[0.950s] Installing remote_control script to /home/dongxu/ros2_ws/src/sutd_ws/install/sutd_ws/lib/sutd_ws
[0.950s] Installing remote_control2 script to /home/dongxu/ros2_ws/src/sutd_ws/install/sutd_ws/lib/sutd_ws
[0.950s] Installing safety_driving script to /home/dongxu/ros2_ws/src/sutd_ws/install/sutd_ws/lib/sutd_ws
[0.950s] Installing wall_follower script to /home/dongxu/ros2_ws/src/sutd_ws/install/sutd_ws/lib/sutd_ws
[0.951s] writing list of installed files to '/home/dongxu/ros2_ws/src/sutd_ws/build/sutd_ws/install.log'
[0.974s] Invoked command in '/home/dongxu/ros2_ws/src/sutd_ws' returned '0': PYTHONPATH=/home/dongxu/ros2_ws/src/sutd_ws/build/sutd_ws/prefix_override:/usr/lib/python3/dist-packages/colcon_core/task/python/colcon_distutils_commands:/home/dongxu/ros2_ws/src/sutd_ws/install/sutd_ws/lib/python3.10/site-packages:${PYTHONPATH} /usr/bin/python3 -W ignore:setup.py install is deprecated -W ignore:easy_install command is deprecated setup.py egg_info --egg-base build/sutd_ws build --build-base /home/dongxu/ros2_ws/src/sutd_ws/build/sutd_ws/build install --record /home/dongxu/ros2_ws/src/sutd_ws/build/sutd_ws/install.log --single-version-externally-managed install_data
