[0.789s] Invoking command in '/home/tan/ros2_ws/src/sutd_ws': PYTHONPATH=/home/tan/ros2_ws/src/sutd_ws/build/sutd_ws/prefix_override:/usr/lib/python3/dist-packages/colcon_core/task/python/colcon_distutils_commands:/home/tan/ros2_ws/src/sutd_ws/install/sutd_ws/lib/python3.10/site-packages:${PYTHONPATH} /usr/bin/python3 -W ignore:setup.py install is deprecated -W ignore:easy_install command is deprecated setup.py egg_info --egg-base build/sutd_ws build --build-base /home/tan/ros2_ws/src/sutd_ws/build/sutd_ws/build install --record /home/tan/ros2_ws/src/sutd_ws/build/sutd_ws/install.log --single-version-externally-managed install_data
[1.013s] running egg_info
[1.020s] writing build/sutd_ws/sutd_ws.egg-info/PKG-INFO
[1.022s] writing dependency_links to build/sutd_ws/sutd_ws.egg-info/dependency_links.txt
[1.029s] writing entry points to build/sutd_ws/sutd_ws.egg-info/entry_points.txt
[1.030s] writing requirements to build/sutd_ws/sutd_ws.egg-info/requires.txt
[1.033s] writing top-level names to build/sutd_ws/sutd_ws.egg-info/top_level.txt
[1.040s] reading manifest file 'build/sutd_ws/sutd_ws.egg-info/SOURCES.txt'
[1.040s] writing manifest file 'build/sutd_ws/sutd_ws.egg-info/SOURCES.txt'
[1.040s] running build
[1.040s] running build_py
[1.040s] copying sutd_ws/final_code.py -> /home/tan/ros2_ws/src/sutd_ws/build/sutd_ws/build/lib/sutd_ws
[1.043s] running install
[1.043s] running install_lib
[1.043s] copying /home/tan/ros2_ws/src/sutd_ws/build/sutd_ws/build/lib/sutd_ws/final_code.py -> /home/tan/ros2_ws/src/sutd_ws/install/sutd_ws/lib/python3.10/site-packages/sutd_ws
[1.045s] byte-compiling /home/tan/ros2_ws/src/sutd_ws/install/sutd_ws/lib/python3.10/site-packages/sutd_ws/final_code.py to final_code.cpython-310.pyc
[1.047s] running install_data
[1.048s] running install_egg_info
[1.051s] removing '/home/tan/ros2_ws/src/sutd_ws/install/sutd_ws/lib/python3.10/site-packages/sutd_ws-0.0.0-py3.10.egg-info' (and everything under it)
[1.054s] Copying build/sutd_ws/sutd_ws.egg-info to /home/tan/ros2_ws/src/sutd_ws/install/sutd_ws/lib/python3.10/site-packages/sutd_ws-0.0.0-py3.10.egg-info
[1.055s] running install_scripts
[1.084s] Installing autonomous_driving script to /home/tan/ros2_ws/src/sutd_ws/install/sutd_ws/lib/sutd_ws
[1.086s] Installing autonomous_driving2 script to /home/tan/ros2_ws/src/sutd_ws/install/sutd_ws/lib/sutd_ws
[1.086s] Installing final_code script to /home/tan/ros2_ws/src/sutd_ws/install/sutd_ws/lib/sutd_ws
[1.088s] Installing gap_follower script to /home/tan/ros2_ws/src/sutd_ws/install/sutd_ws/lib/sutd_ws
[1.088s] Installing gap_follower2 script to /home/tan/ros2_ws/src/sutd_ws/install/sutd_ws/lib/sutd_ws
[1.088s] Installing gap_follower3 script to /home/tan/ros2_ws/src/sutd_ws/install/sutd_ws/lib/sutd_ws
[1.089s] Installing keypressed_calculator script to /home/tan/ros2_ws/src/sutd_ws/install/sutd_ws/lib/sutd_ws
[1.090s] Installing keypressed_talker script to /home/tan/ros2_ws/src/sutd_ws/install/sutd_ws/lib/sutd_ws
[1.090s] Installing remote_control script to /home/tan/ros2_ws/src/sutd_ws/install/sutd_ws/lib/sutd_ws
[1.090s] Installing remote_control2 script to /home/tan/ros2_ws/src/sutd_ws/install/sutd_ws/lib/sutd_ws
[1.091s] Installing safety_driving script to /home/tan/ros2_ws/src/sutd_ws/install/sutd_ws/lib/sutd_ws
[1.091s] Installing wall_follower script to /home/tan/ros2_ws/src/sutd_ws/install/sutd_ws/lib/sutd_ws
[1.091s] writing list of installed files to '/home/tan/ros2_ws/src/sutd_ws/build/sutd_ws/install.log'
[1.125s] Invoked command in '/home/tan/ros2_ws/src/sutd_ws' returned '0': PYTHONPATH=/home/tan/ros2_ws/src/sutd_ws/build/sutd_ws/prefix_override:/usr/lib/python3/dist-packages/colcon_core/task/python/colcon_distutils_commands:/home/tan/ros2_ws/src/sutd_ws/install/sutd_ws/lib/python3.10/site-packages:${PYTHONPATH} /usr/bin/python3 -W ignore:setup.py install is deprecated -W ignore:easy_install command is deprecated setup.py egg_info --egg-base build/sutd_ws build --build-base /home/tan/ros2_ws/src/sutd_ws/build/sutd_ws/build install --record /home/tan/ros2_ws/src/sutd_ws/build/sutd_ws/install.log --single-version-externally-managed install_data
