[0.782s] Invoking command in '/home/tan/ros2_ws/src/sutd_ws': PYTHONPATH=/home/tan/ros2_ws/src/sutd_ws/build/sutd_ws/prefix_override:/usr/lib/python3/dist-packages/colcon_core/task/python/colcon_distutils_commands:/home/tan/ros2_ws/src/sutd_ws/install/sutd_ws/lib/python3.10/site-packages:${PYTHONPATH} /usr/bin/python3 -W ignore:setup.py install is deprecated -W ignore:easy_install command is deprecated setup.py egg_info --egg-base build/sutd_ws build --build-base /home/tan/ros2_ws/src/sutd_ws/build/sutd_ws/build install --record /home/tan/ros2_ws/src/sutd_ws/build/sutd_ws/install.log --single-version-externally-managed install_data
[1.078s] running egg_info
[1.078s] writing build/sutd_ws/sutd_ws.egg-info/PKG-INFO
[1.079s] writing dependency_links to build/sutd_ws/sutd_ws.egg-info/dependency_links.txt
[1.080s] writing entry points to build/sutd_ws/sutd_ws.egg-info/entry_points.txt
[1.080s] writing requirements to build/sutd_ws/sutd_ws.egg-info/requires.txt
[1.081s] writing top-level names to build/sutd_ws/sutd_ws.egg-info/top_level.txt
[1.083s] reading manifest file 'build/sutd_ws/sutd_ws.egg-info/SOURCES.txt'
[1.083s] writing manifest file 'build/sutd_ws/sutd_ws.egg-info/SOURCES.txt'
[1.083s] running build
[1.083s] running build_py
[1.083s] copying sutd_ws/gap_follower.py -> /home/tan/ros2_ws/src/sutd_ws/build/sutd_ws/build/lib/sutd_ws
[1.085s] running install
[1.085s] running install_lib
[1.087s] copying /home/tan/ros2_ws/src/sutd_ws/build/sutd_ws/build/lib/sutd_ws/gap_follower.py -> /home/tan/ros2_ws/src/sutd_ws/install/sutd_ws/lib/python3.10/site-packages/sutd_ws
[1.087s] byte-compiling /home/tan/ros2_ws/src/sutd_ws/install/sutd_ws/lib/python3.10/site-packages/sutd_ws/gap_follower.py to gap_follower.cpython-310.pyc
[1.090s] running install_data
[1.091s] running install_egg_info
[1.094s] removing '/home/tan/ros2_ws/src/sutd_ws/install/sutd_ws/lib/python3.10/site-packages/sutd_ws-0.0.0-py3.10.egg-info' (and everything under it)
[1.094s] Copying build/sutd_ws/sutd_ws.egg-info to /home/tan/ros2_ws/src/sutd_ws/install/sutd_ws/lib/python3.10/site-packages/sutd_ws-0.0.0-py3.10.egg-info
[1.094s] running install_scripts
[1.123s] Installing autonomous_driving script to /home/tan/ros2_ws/src/sutd_ws/install/sutd_ws/lib/sutd_ws
[1.124s] Installing keypressed_calculator script to /home/tan/ros2_ws/src/sutd_ws/install/sutd_ws/lib/sutd_ws
[1.125s] Installing keypressed_talker script to /home/tan/ros2_ws/src/sutd_ws/install/sutd_ws/lib/sutd_ws
[1.128s] Installing remote_control script to /home/tan/ros2_ws/src/sutd_ws/install/sutd_ws/lib/sutd_ws
[1.128s] Installing safety_driving script to /home/tan/ros2_ws/src/sutd_ws/install/sutd_ws/lib/sutd_ws
[1.128s] Installing wall_follower script to /home/tan/ros2_ws/src/sutd_ws/install/sutd_ws/lib/sutd_ws
[1.128s] writing list of installed files to '/home/tan/ros2_ws/src/sutd_ws/build/sutd_ws/install.log'
[1.165s] Invoked command in '/home/tan/ros2_ws/src/sutd_ws' returned '0': PYTHONPATH=/home/tan/ros2_ws/src/sutd_ws/build/sutd_ws/prefix_override:/usr/lib/python3/dist-packages/colcon_core/task/python/colcon_distutils_commands:/home/tan/ros2_ws/src/sutd_ws/install/sutd_ws/lib/python3.10/site-packages:${PYTHONPATH} /usr/bin/python3 -W ignore:setup.py install is deprecated -W ignore:easy_install command is deprecated setup.py egg_info --egg-base build/sutd_ws build --build-base /home/tan/ros2_ws/src/sutd_ws/build/sutd_ws/build install --record /home/tan/ros2_ws/src/sutd_ws/build/sutd_ws/install.log --single-version-externally-managed install_data
