[0.648s] Invoking command in '/home/tan/ros2_ws/src/sutd_ws': PYTHONPATH=/home/tan/ros2_ws/src/sutd_ws/build/sutd_ws/prefix_override:/usr/lib/python3/dist-packages/colcon_core/task/python/colcon_distutils_commands:/home/tan/ros2_ws/src/sutd_ws/install/sutd_ws/lib/python3.10/site-packages:${PYTHONPATH} /usr/bin/python3 -W ignore:setup.py install is deprecated -W ignore:easy_install command is deprecated setup.py egg_info --egg-base build/sutd_ws build --build-base /home/tan/ros2_ws/src/sutd_ws/build/sutd_ws/build install --record /home/tan/ros2_ws/src/sutd_ws/build/sutd_ws/install.log --single-version-externally-managed install_data
[0.893s] running egg_info
[0.893s] writing build/sutd_ws/sutd_ws.egg-info/PKG-INFO
[0.893s] writing dependency_links to build/sutd_ws/sutd_ws.egg-info/dependency_links.txt
[0.893s] writing entry points to build/sutd_ws/sutd_ws.egg-info/entry_points.txt
[0.894s] writing requirements to build/sutd_ws/sutd_ws.egg-info/requires.txt
[0.894s] writing top-level names to build/sutd_ws/sutd_ws.egg-info/top_level.txt
[0.894s] reading manifest file 'build/sutd_ws/sutd_ws.egg-info/SOURCES.txt'
[0.894s] writing manifest file 'build/sutd_ws/sutd_ws.egg-info/SOURCES.txt'
[0.894s] running build
[0.894s] running build_py
[0.894s] running install
[0.894s] running install_lib
[0.895s] running install_data
[0.895s] running install_egg_info
[0.898s] removing '/home/tan/ros2_ws/src/sutd_ws/install/sutd_ws/lib/python3.10/site-packages/sutd_ws-0.0.0-py3.10.egg-info' (and everything under it)
[0.899s] Copying build/sutd_ws/sutd_ws.egg-info to /home/tan/ros2_ws/src/sutd_ws/install/sutd_ws/lib/python3.10/site-packages/sutd_ws-0.0.0-py3.10.egg-info
[0.899s] running install_scripts
[0.927s] Installing autonomous_driving script to /home/tan/ros2_ws/src/sutd_ws/install/sutd_ws/lib/sutd_ws
[0.927s] Installing keypressed_calculator script to /home/tan/ros2_ws/src/sutd_ws/install/sutd_ws/lib/sutd_ws
[0.927s] Installing keypressed_talker script to /home/tan/ros2_ws/src/sutd_ws/install/sutd_ws/lib/sutd_ws
[0.927s] Installing remote_control script to /home/tan/ros2_ws/src/sutd_ws/install/sutd_ws/lib/sutd_ws
[0.927s] Installing wall_follower script to /home/tan/ros2_ws/src/sutd_ws/install/sutd_ws/lib/sutd_ws
[0.927s] writing list of installed files to '/home/tan/ros2_ws/src/sutd_ws/build/sutd_ws/install.log'
[0.955s] Invoked command in '/home/tan/ros2_ws/src/sutd_ws' returned '0': PYTHONPATH=/home/tan/ros2_ws/src/sutd_ws/build/sutd_ws/prefix_override:/usr/lib/python3/dist-packages/colcon_core/task/python/colcon_distutils_commands:/home/tan/ros2_ws/src/sutd_ws/install/sutd_ws/lib/python3.10/site-packages:${PYTHONPATH} /usr/bin/python3 -W ignore:setup.py install is deprecated -W ignore:easy_install command is deprecated setup.py egg_info --egg-base build/sutd_ws build --build-base /home/tan/ros2_ws/src/sutd_ws/build/sutd_ws/build install --record /home/tan/ros2_ws/src/sutd_ws/build/sutd_ws/install.log --single-version-externally-managed install_data
