/home/dongxu/ros2_ws/src/sutd_ws/install/sutd_ws/lib/python3.10/site-packages/sutd_ws/autonomous_driving.py
/home/dongxu/ros2_ws/src/sutd_ws/install/sutd_ws/lib/python3.10/site-packages/sutd_ws/keypressed_talker.py
/home/dongxu/ros2_ws/src/sutd_ws/install/sutd_ws/lib/python3.10/site-packages/sutd_ws/final_code.py
/home/dongxu/ros2_ws/src/sutd_ws/install/sutd_ws/lib/python3.10/site-packages/sutd_ws/oldcode.py
/home/dongxu/ros2_ws/src/sutd_ws/install/sutd_ws/lib/python3.10/site-packages/sutd_ws/depth.py
/home/dongxu/ros2_ws/src/sutd_ws/install/sutd_ws/lib/python3.10/site-packages/sutd_ws/gap_follower2.py
/home/dongxu/ros2_ws/src/sutd_ws/install/sutd_ws/lib/python3.10/site-packages/sutd_ws/autonomous_driving2.py
/home/dongxu/ros2_ws/src/sutd_ws/install/sutd_ws/lib/python3.10/site-packages/sutd_ws/safety_driving.py
/home/dongxu/ros2_ws/src/sutd_ws/install/sutd_ws/lib/python3.10/site-packages/sutd_ws/keypressed_calculator.py
/home/dongxu/ros2_ws/src/sutd_ws/install/sutd_ws/lib/python3.10/site-packages/sutd_ws/remote_control2.py
/home/dongxu/ros2_ws/src/sutd_ws/install/sutd_ws/lib/python3.10/site-packages/sutd_ws/wall_follower.py
/home/dongxu/ros2_ws/src/sutd_ws/install/sutd_ws/lib/python3.10/site-packages/sutd_ws/gap_follower.py
/home/dongxu/ros2_ws/src/sutd_ws/install/sutd_ws/lib/python3.10/site-packages/sutd_ws/gap_follower3.py
/home/dongxu/ros2_ws/src/sutd_ws/install/sutd_ws/lib/python3.10/site-packages/sutd_ws/__init__.py
/home/dongxu/ros2_ws/src/sutd_ws/install/sutd_ws/lib/python3.10/site-packages/sutd_ws/remote_control.py
/home/dongxu/ros2_ws/src/sutd_ws/install/sutd_ws/lib/python3.10/site-packages/sutd_ws/__pycache__/autonomous_driving.cpython-310.pyc
/home/dongxu/ros2_ws/src/sutd_ws/install/sutd_ws/lib/python3.10/site-packages/sutd_ws/__pycache__/keypressed_talker.cpython-310.pyc
/home/dongxu/ros2_ws/src/sutd_ws/install/sutd_ws/lib/python3.10/site-packages/sutd_ws/__pycache__/final_code.cpython-310.pyc
/home/dongxu/ros2_ws/src/sutd_ws/install/sutd_ws/lib/python3.10/site-packages/sutd_ws/__pycache__/oldcode.cpython-310.pyc
/home/dongxu/ros2_ws/src/sutd_ws/install/sutd_ws/lib/python3.10/site-packages/sutd_ws/__pycache__/depth.cpython-310.pyc
/home/dongxu/ros2_ws/src/sutd_ws/install/sutd_ws/lib/python3.10/site-packages/sutd_ws/__pycache__/gap_follower2.cpython-310.pyc
/home/dongxu/ros2_ws/src/sutd_ws/install/sutd_ws/lib/python3.10/site-packages/sutd_ws/__pycache__/autonomous_driving2.cpython-310.pyc
/home/dongxu/ros2_ws/src/sutd_ws/install/sutd_ws/lib/python3.10/site-packages/sutd_ws/__pycache__/safety_driving.cpython-310.pyc
/home/dongxu/ros2_ws/src/sutd_ws/install/sutd_ws/lib/python3.10/site-packages/sutd_ws/__pycache__/keypressed_calculator.cpython-310.pyc
/home/dongxu/ros2_ws/src/sutd_ws/install/sutd_ws/lib/python3.10/site-packages/sutd_ws/__pycache__/remote_control2.cpython-310.pyc
/home/dongxu/ros2_ws/src/sutd_ws/install/sutd_ws/lib/python3.10/site-packages/sutd_ws/__pycache__/wall_follower.cpython-310.pyc
/home/dongxu/ros2_ws/src/sutd_ws/install/sutd_ws/lib/python3.10/site-packages/sutd_ws/__pycache__/gap_follower.cpython-310.pyc
/home/dongxu/ros2_ws/src/sutd_ws/install/sutd_ws/lib/python3.10/site-packages/sutd_ws/__pycache__/gap_follower3.cpython-310.pyc
/home/dongxu/ros2_ws/src/sutd_ws/install/sutd_ws/lib/python3.10/site-packages/sutd_ws/__pycache__/__init__.cpython-310.pyc
/home/dongxu/ros2_ws/src/sutd_ws/install/sutd_ws/lib/python3.10/site-packages/sutd_ws/__pycache__/remote_control.cpython-310.pyc
/home/dongxu/ros2_ws/src/sutd_ws/install/sutd_ws/share/ament_index/resource_index/packages/sutd_ws
/home/dongxu/ros2_ws/src/sutd_ws/install/sutd_ws/share/sutd_ws/package.xml
/home/dongxu/ros2_ws/src/sutd_ws/install/sutd_ws/lib/python3.10/site-packages/sutd_ws-0.0.0-py3.10.egg-info/entry_points.txt
/home/dongxu/ros2_ws/src/sutd_ws/install/sutd_ws/lib/python3.10/site-packages/sutd_ws-0.0.0-py3.10.egg-info/dependency_links.txt
/home/dongxu/ros2_ws/src/sutd_ws/install/sutd_ws/lib/python3.10/site-packages/sutd_ws-0.0.0-py3.10.egg-info/PKG-INFO
/home/dongxu/ros2_ws/src/sutd_ws/install/sutd_ws/lib/python3.10/site-packages/sutd_ws-0.0.0-py3.10.egg-info/requires.txt
/home/dongxu/ros2_ws/src/sutd_ws/install/sutd_ws/lib/python3.10/site-packages/sutd_ws-0.0.0-py3.10.egg-info/zip-safe
/home/dongxu/ros2_ws/src/sutd_ws/install/sutd_ws/lib/python3.10/site-packages/sutd_ws-0.0.0-py3.10.egg-info/top_level.txt
/home/dongxu/ros2_ws/src/sutd_ws/install/sutd_ws/lib/python3.10/site-packages/sutd_ws-0.0.0-py3.10.egg-info/SOURCES.txt
/home/dongxu/ros2_ws/src/sutd_ws/install/sutd_ws/lib/sutd_ws/autonomous_driving
/home/dongxu/ros2_ws/src/sutd_ws/install/sutd_ws/lib/sutd_ws/autonomous_driving2
/home/dongxu/ros2_ws/src/sutd_ws/install/sutd_ws/lib/sutd_ws/depth
/home/dongxu/ros2_ws/src/sutd_ws/install/sutd_ws/lib/sutd_ws/final_code
/home/dongxu/ros2_ws/src/sutd_ws/install/sutd_ws/lib/sutd_ws/gap_follower
/home/dongxu/ros2_ws/src/sutd_ws/install/sutd_ws/lib/sutd_ws/gap_follower2
/home/dongxu/ros2_ws/src/sutd_ws/install/sutd_ws/lib/sutd_ws/gap_follower3
/home/dongxu/ros2_ws/src/sutd_ws/install/sutd_ws/lib/sutd_ws/keypressed_calculator
/home/dongxu/ros2_ws/src/sutd_ws/install/sutd_ws/lib/sutd_ws/keypressed_talker
/home/dongxu/ros2_ws/src/sutd_ws/install/sutd_ws/lib/sutd_ws/oldcode
/home/dongxu/ros2_ws/src/sutd_ws/install/sutd_ws/lib/sutd_ws/remote_control
/home/dongxu/ros2_ws/src/sutd_ws/install/sutd_ws/lib/sutd_ws/remote_control2
/home/dongxu/ros2_ws/src/sutd_ws/install/sutd_ws/lib/sutd_ws/safety_driving
/home/dongxu/ros2_ws/src/sutd_ws/install/sutd_ws/lib/sutd_ws/wall_follower
