[0.934s] Invoking command in '/home/tan/ros2_ws/src/sutd_ws': PYTHONPATH=/home/tan/ros2_ws/src/sutd_ws/build/sutd_ws/prefix_override:/usr/lib/python3/dist-packages/colcon_core/task/python/colcon_distutils_commands:/home/tan/ros2_ws/src/sutd_ws/install/sutd_ws/lib/python3.10/site-packages:${PYTHONPATH} /usr/bin/python3 -W ignore:setup.py install is deprecated -W ignore:easy_install command is deprecated setup.py egg_info --egg-base build/sutd_ws build --build-base /home/tan/ros2_ws/src/sutd_ws/build/sutd_ws/build install --record /home/tan/ros2_ws/src/sutd_ws/build/sutd_ws/install.log --single-version-externally-managed install_data
[1.144s] running egg_info
[1.144s] writing build/sutd_ws/sutd_ws.egg-info/PKG-INFO
[1.145s] writing dependency_links to build/sutd_ws/sutd_ws.egg-info/dependency_links.txt
[1.145s] writing entry points to build/sutd_ws/sutd_ws.egg-info/entry_points.txt
[1.145s] writing requirements to build/sutd_ws/sutd_ws.egg-info/requires.txt
[1.145s] writing top-level names to build/sutd_ws/sutd_ws.egg-info/top_level.txt
[1.145s] reading manifest file 'build/sutd_ws/sutd_ws.egg-info/SOURCES.txt'
[1.150s] writing manifest file 'build/sutd_ws/sutd_ws.egg-info/SOURCES.txt'
[1.151s] running build
[1.151s] running build_py
[1.151s] running install
[1.152s] running install_lib
[1.154s] running install_data
[1.154s] copying package.xml -> /home/tan/ros2_ws/src/sutd_ws/install/sutd_ws/share/sutd_ws
[1.155s] running install_egg_info
[1.157s] removing '/home/tan/ros2_ws/src/sutd_ws/install/sutd_ws/lib/python3.10/site-packages/sutd_ws-0.0.0-py3.10.egg-info' (and everything under it)
[1.158s] Copying build/sutd_ws/sutd_ws.egg-info to /home/tan/ros2_ws/src/sutd_ws/install/sutd_ws/lib/python3.10/site-packages/sutd_ws-0.0.0-py3.10.egg-info
[1.160s] running install_scripts
[1.182s] Installing wall_follower script to /home/tan/ros2_ws/src/sutd_ws/install/sutd_ws/lib/sutd_ws
[1.183s] writing list of installed files to '/home/tan/ros2_ws/src/sutd_ws/build/sutd_ws/install.log'
[1.204s] Invoked command in '/home/tan/ros2_ws/src/sutd_ws' returned '0': PYTHONPATH=/home/tan/ros2_ws/src/sutd_ws/build/sutd_ws/prefix_override:/usr/lib/python3/dist-packages/colcon_core/task/python/colcon_distutils_commands:/home/tan/ros2_ws/src/sutd_ws/install/sutd_ws/lib/python3.10/site-packages:${PYTHONPATH} /usr/bin/python3 -W ignore:setup.py install is deprecated -W ignore:easy_install command is deprecated setup.py egg_info --egg-base build/sutd_ws build --build-base /home/tan/ros2_ws/src/sutd_ws/build/sutd_ws/build install --record /home/tan/ros2_ws/src/sutd_ws/build/sutd_ws/install.log --single-version-externally-managed install_data
