[0.742s] Invoking command in '/home/tan/ros2_ws/src/sutd_ws': PYTHONPATH=/home/tan/ros2_ws/src/sutd_ws/build/sutd_ws/prefix_override:/usr/lib/python3/dist-packages/colcon_core/task/python/colcon_distutils_commands:/home/tan/ros2_ws/src/sutd_ws/install/sutd_ws/lib/python3.10/site-packages:${PYTHONPATH} /usr/bin/python3 -W ignore:setup.py install is deprecated -W ignore:easy_install command is deprecated setup.py egg_info --egg-base build/sutd_ws build --build-base /home/tan/ros2_ws/src/sutd_ws/build/sutd_ws/build install --record /home/tan/ros2_ws/src/sutd_ws/build/sutd_ws/install.log --single-version-externally-managed install_data
[0.946s] running egg_info
[0.947s] writing build/sutd_ws/sutd_ws.egg-info/PKG-INFO
[0.947s] writing dependency_links to build/sutd_ws/sutd_ws.egg-info/dependency_links.txt
[0.947s] writing entry points to build/sutd_ws/sutd_ws.egg-info/entry_points.txt
[0.948s] writing requirements to build/sutd_ws/sutd_ws.egg-info/requires.txt
[0.948s] writing top-level names to build/sutd_ws/sutd_ws.egg-info/top_level.txt
[0.952s] reading manifest file 'build/sutd_ws/sutd_ws.egg-info/SOURCES.txt'
[0.954s] writing manifest file 'build/sutd_ws/sutd_ws.egg-info/SOURCES.txt'
[0.954s] running build
[0.955s] running build_py
[0.955s] copying sutd_ws/remote_control2.py -> /home/tan/ros2_ws/src/sutd_ws/build/sutd_ws/build/lib/sutd_ws
[0.955s] running install
[0.957s] running install_lib
[0.957s] copying /home/tan/ros2_ws/src/sutd_ws/build/sutd_ws/build/lib/sutd_ws/remote_control2.py -> /home/tan/ros2_ws/src/sutd_ws/install/sutd_ws/lib/python3.10/site-packages/sutd_ws
[0.959s] byte-compiling /home/tan/ros2_ws/src/sutd_ws/install/sutd_ws/lib/python3.10/site-packages/sutd_ws/remote_control2.py to remote_control2.cpython-310.pyc
[0.963s] running install_data
[0.963s] running install_egg_info
[0.966s] removing '/home/tan/ros2_ws/src/sutd_ws/install/sutd_ws/lib/python3.10/site-packages/sutd_ws-0.0.0-py3.10.egg-info' (and everything under it)
[0.969s] Copying build/sutd_ws/sutd_ws.egg-info to /home/tan/ros2_ws/src/sutd_ws/install/sutd_ws/lib/python3.10/site-packages/sutd_ws-0.0.0-py3.10.egg-info
[0.971s] running install_scripts
[1.020s] Installing autonomous_driving script to /home/tan/ros2_ws/src/sutd_ws/install/sutd_ws/lib/sutd_ws
[1.020s] Installing gap_follower script to /home/tan/ros2_ws/src/sutd_ws/install/sutd_ws/lib/sutd_ws
[1.020s] Installing gap_follower2 script to /home/tan/ros2_ws/src/sutd_ws/install/sutd_ws/lib/sutd_ws
[1.020s] Installing gap_follower3 script to /home/tan/ros2_ws/src/sutd_ws/install/sutd_ws/lib/sutd_ws
[1.020s] Installing keypressed_calculator script to /home/tan/ros2_ws/src/sutd_ws/install/sutd_ws/lib/sutd_ws
[1.020s] Installing keypressed_talker script to /home/tan/ros2_ws/src/sutd_ws/install/sutd_ws/lib/sutd_ws
[1.021s] Installing remote_control script to /home/tan/ros2_ws/src/sutd_ws/install/sutd_ws/lib/sutd_ws
[1.024s] Installing remote_control2 script to /home/tan/ros2_ws/src/sutd_ws/install/sutd_ws/lib/sutd_ws
[1.029s] Installing safety_driving script to /home/tan/ros2_ws/src/sutd_ws/install/sutd_ws/lib/sutd_ws
[1.030s] Installing wall_follower script to /home/tan/ros2_ws/src/sutd_ws/install/sutd_ws/lib/sutd_ws
[1.030s] writing list of installed files to '/home/tan/ros2_ws/src/sutd_ws/build/sutd_ws/install.log'
[1.071s] Invoked command in '/home/tan/ros2_ws/src/sutd_ws' returned '0': PYTHONPATH=/home/tan/ros2_ws/src/sutd_ws/build/sutd_ws/prefix_override:/usr/lib/python3/dist-packages/colcon_core/task/python/colcon_distutils_commands:/home/tan/ros2_ws/src/sutd_ws/install/sutd_ws/lib/python3.10/site-packages:${PYTHONPATH} /usr/bin/python3 -W ignore:setup.py install is deprecated -W ignore:easy_install command is deprecated setup.py egg_info --egg-base build/sutd_ws build --build-base /home/tan/ros2_ws/src/sutd_ws/build/sutd_ws/build install --record /home/tan/ros2_ws/src/sutd_ws/build/sutd_ws/install.log --single-version-externally-managed install_data
