[0.562s] Invoking command in '/home/tan/ros2_ws/src/sutd_ws': PYTHONPATH=/home/tan/ros2_ws/src/sutd_ws/build/sutd_ws/prefix_override:/usr/lib/python3/dist-packages/colcon_core/task/python/colcon_distutils_commands:/home/tan/ros2_ws/src/sutd_ws/install/sutd_ws/lib/python3.10/site-packages:${PYTHONPATH} /usr/bin/python3 -W ignore:setup.py install is deprecated -W ignore:easy_install command is deprecated setup.py egg_info --egg-base build/sutd_ws build --build-base /home/tan/ros2_ws/src/sutd_ws/build/sutd_ws/build install --record /home/tan/ros2_ws/src/sutd_ws/build/sutd_ws/install.log --single-version-externally-managed install_data
[0.788s] running egg_info
[0.789s] creating build/sutd_ws/sutd_ws.egg-info
[0.789s] writing build/sutd_ws/sutd_ws.egg-info/PKG-INFO
[0.789s] writing dependency_links to build/sutd_ws/sutd_ws.egg-info/dependency_links.txt
[0.789s] writing entry points to build/sutd_ws/sutd_ws.egg-info/entry_points.txt
[0.789s] writing requirements to build/sutd_ws/sutd_ws.egg-info/requires.txt
[0.789s] writing top-level names to build/sutd_ws/sutd_ws.egg-info/top_level.txt
[0.789s] writing manifest file 'build/sutd_ws/sutd_ws.egg-info/SOURCES.txt'
[0.791s] reading manifest file 'build/sutd_ws/sutd_ws.egg-info/SOURCES.txt'
[0.791s] writing manifest file 'build/sutd_ws/sutd_ws.egg-info/SOURCES.txt'
[0.791s] running build
[0.791s] running build_py
[0.792s] creating /home/tan/ros2_ws/src/sutd_ws/build/sutd_ws/build
[0.792s] creating /home/tan/ros2_ws/src/sutd_ws/build/sutd_ws/build/lib
[0.792s] creating /home/tan/ros2_ws/src/sutd_ws/build/sutd_ws/build/lib/sutd_ws
[0.792s] copying sutd_ws/__init__.py -> /home/tan/ros2_ws/src/sutd_ws/build/sutd_ws/build/lib/sutd_ws
[0.792s] copying sutd_ws/wall_follower.py -> /home/tan/ros2_ws/src/sutd_ws/build/sutd_ws/build/lib/sutd_ws
[0.792s] running install
[0.792s] running install_lib
[0.795s] creating /home/tan/ros2_ws/src/sutd_ws/install/sutd_ws/lib/python3.10/site-packages/sutd_ws
[0.795s] copying /home/tan/ros2_ws/src/sutd_ws/build/sutd_ws/build/lib/sutd_ws/__init__.py -> /home/tan/ros2_ws/src/sutd_ws/install/sutd_ws/lib/python3.10/site-packages/sutd_ws
[0.795s] copying /home/tan/ros2_ws/src/sutd_ws/build/sutd_ws/build/lib/sutd_ws/wall_follower.py -> /home/tan/ros2_ws/src/sutd_ws/install/sutd_ws/lib/python3.10/site-packages/sutd_ws
[0.795s] byte-compiling /home/tan/ros2_ws/src/sutd_ws/install/sutd_ws/lib/python3.10/site-packages/sutd_ws/__init__.py to __init__.cpython-310.pyc
[0.795s] byte-compiling /home/tan/ros2_ws/src/sutd_ws/install/sutd_ws/lib/python3.10/site-packages/sutd_ws/wall_follower.py to wall_follower.cpython-310.pyc
[0.795s] running install_data
[0.795s] creating /home/tan/ros2_ws/src/sutd_ws/install/sutd_ws/share
[0.795s] creating /home/tan/ros2_ws/src/sutd_ws/install/sutd_ws/share/ament_index
[0.795s] creating /home/tan/ros2_ws/src/sutd_ws/install/sutd_ws/share/ament_index/resource_index
[0.795s] creating /home/tan/ros2_ws/src/sutd_ws/install/sutd_ws/share/ament_index/resource_index/packages
[0.795s] copying resource/sutd_ws -> /home/tan/ros2_ws/src/sutd_ws/install/sutd_ws/share/ament_index/resource_index/packages
[0.795s] creating /home/tan/ros2_ws/src/sutd_ws/install/sutd_ws/share/sutd_ws
[0.796s] copying package.xml -> /home/tan/ros2_ws/src/sutd_ws/install/sutd_ws/share/sutd_ws
[0.796s] running install_egg_info
[0.797s] Copying build/sutd_ws/sutd_ws.egg-info to /home/tan/ros2_ws/src/sutd_ws/install/sutd_ws/lib/python3.10/site-packages/sutd_ws-0.0.0-py3.10.egg-info
[0.797s] running install_scripts
[0.817s] Installing wall_follower script to /home/tan/ros2_ws/src/sutd_ws/install/sutd_ws/lib/sutd_ws
[0.817s] writing list of installed files to '/home/tan/ros2_ws/src/sutd_ws/build/sutd_ws/install.log'
[0.837s] Invoked command in '/home/tan/ros2_ws/src/sutd_ws' returned '0': PYTHONPATH=/home/tan/ros2_ws/src/sutd_ws/build/sutd_ws/prefix_override:/usr/lib/python3/dist-packages/colcon_core/task/python/colcon_distutils_commands:/home/tan/ros2_ws/src/sutd_ws/install/sutd_ws/lib/python3.10/site-packages:${PYTHONPATH} /usr/bin/python3 -W ignore:setup.py install is deprecated -W ignore:easy_install command is deprecated setup.py egg_info --egg-base build/sutd_ws build --build-base /home/tan/ros2_ws/src/sutd_ws/build/sutd_ws/build install --record /home/tan/ros2_ws/src/sutd_ws/build/sutd_ws/install.log --single-version-externally-managed install_data
