running egg_info
writing build/sutd_ws/sutd_ws.egg-info/PKG-INFO
writing dependency_links to build/sutd_ws/sutd_ws.egg-info/dependency_links.txt
writing entry points to build/sutd_ws/sutd_ws.egg-info/entry_points.txt
writing requirements to build/sutd_ws/sutd_ws.egg-info/requires.txt
writing top-level names to build/sutd_ws/sutd_ws.egg-info/top_level.txt
reading manifest file 'build/sutd_ws/sutd_ws.egg-info/SOURCES.txt'
writing manifest file 'build/sutd_ws/sutd_ws.egg-info/SOURCES.txt'
running build
running build_py
copying sutd_ws/keypressed_talker.py -> /home/tan/ros2_ws/src/sutd_ws/build/sutd_ws/build/lib/sutd_ws
copying sutd_ws/keypressed_calculator.py -> /home/tan/ros2_ws/src/sutd_ws/build/sutd_ws/build/lib/sutd_ws
copying sutd_ws/remote_control.py -> /home/tan/ros2_ws/src/sutd_ws/build/sutd_ws/build/lib/sutd_ws
running install
running install_lib
copying /home/tan/ros2_ws/src/sutd_ws/build/sutd_ws/build/lib/sutd_ws/keypressed_talker.py -> /home/tan/ros2_ws/src/sutd_ws/install/sutd_ws/lib/python3.10/site-packages/sutd_ws
copying /home/tan/ros2_ws/src/sutd_ws/build/sutd_ws/build/lib/sutd_ws/keypressed_calculator.py -> /home/tan/ros2_ws/src/sutd_ws/install/sutd_ws/lib/python3.10/site-packages/sutd_ws
copying /home/tan/ros2_ws/src/sutd_ws/build/sutd_ws/build/lib/sutd_ws/remote_control.py -> /home/tan/ros2_ws/src/sutd_ws/install/sutd_ws/lib/python3.10/site-packages/sutd_ws
byte-compiling /home/tan/ros2_ws/src/sutd_ws/install/sutd_ws/lib/python3.10/site-packages/sutd_ws/keypressed_talker.py to keypressed_talker.cpython-310.pyc
byte-compiling /home/tan/ros2_ws/src/sutd_ws/install/sutd_ws/lib/python3.10/site-packages/sutd_ws/keypressed_calculator.py to keypressed_calculator.cpython-310.pyc
byte-compiling /home/tan/ros2_ws/src/sutd_ws/install/sutd_ws/lib/python3.10/site-packages/sutd_ws/remote_control.py to remote_control.cpython-310.pyc
running install_data
running install_egg_info
removing '/home/tan/ros2_ws/src/sutd_ws/install/sutd_ws/lib/python3.10/site-packages/sutd_ws-0.0.0-py3.10.egg-info' (and everything under it)
Copying build/sutd_ws/sutd_ws.egg-info to /home/tan/ros2_ws/src/sutd_ws/install/sutd_ws/lib/python3.10/site-packages/sutd_ws-0.0.0-py3.10.egg-info
running install_scripts
Installing keypressed_calculator script to /home/tan/ros2_ws/src/sutd_ws/install/sutd_ws/lib/sutd_ws
Installing keypressed_talker script to /home/tan/ros2_ws/src/sutd_ws/install/sutd_ws/lib/sutd_ws
Installing remote_control script to /home/tan/ros2_ws/src/sutd_ws/install/sutd_ws/lib/sutd_ws
Installing wall_follower script to /home/tan/ros2_ws/src/sutd_ws/install/sutd_ws/lib/sutd_ws
writing list of installed files to '/home/tan/ros2_ws/src/sutd_ws/build/sutd_ws/install.log'
