[0.412s] Invoking command in '/home/tan/ros2_ws/src/sutd_ws': PYTHONPATH=/home/tan/ros2_ws/src/sutd_ws/build/sutd_ws/prefix_override:/usr/lib/python3/dist-packages/colcon_core/task/python/colcon_distutils_commands:/home/tan/ros2_ws/src/sutd_ws/install/sutd_ws/lib/python3.10/site-packages:${PYTHONPATH} /usr/bin/python3 -W ignore:setup.py install is deprecated -W ignore:easy_install command is deprecated setup.py egg_info --egg-base build/sutd_ws build --build-base /home/tan/ros2_ws/src/sutd_ws/build/sutd_ws/build install --record /home/tan/ros2_ws/src/sutd_ws/build/sutd_ws/install.log --single-version-externally-managed install_data
[0.593s] running egg_info
[0.594s] writing build/sutd_ws/sutd_ws.egg-info/PKG-INFO
[0.595s] writing dependency_links to build/sutd_ws/sutd_ws.egg-info/dependency_links.txt
[0.595s] writing entry points to build/sutd_ws/sutd_ws.egg-info/entry_points.txt
[0.596s] writing requirements to build/sutd_ws/sutd_ws.egg-info/requires.txt
[0.596s] writing top-level names to build/sutd_ws/sutd_ws.egg-info/top_level.txt
[0.597s] reading manifest file 'build/sutd_ws/sutd_ws.egg-info/SOURCES.txt'
[0.599s] writing manifest file 'build/sutd_ws/sutd_ws.egg-info/SOURCES.txt'
[0.599s] running build
[0.599s] running build_py
[0.599s] copying sutd_ws/depth.py -> /home/tan/ros2_ws/src/sutd_ws/build/sutd_ws/build/lib/sutd_ws
[0.600s] running install
[0.600s] running install_lib
[0.601s] copying /home/tan/ros2_ws/src/sutd_ws/build/sutd_ws/build/lib/sutd_ws/depth.py -> /home/tan/ros2_ws/src/sutd_ws/install/sutd_ws/lib/python3.10/site-packages/sutd_ws
[0.601s] byte-compiling /home/tan/ros2_ws/src/sutd_ws/install/sutd_ws/lib/python3.10/site-packages/sutd_ws/depth.py to depth.cpython-310.pyc
[0.604s] running install_data
[0.604s] running install_egg_info
[0.610s] removing '/home/tan/ros2_ws/src/sutd_ws/install/sutd_ws/lib/python3.10/site-packages/sutd_ws-0.0.0-py3.10.egg-info' (and everything under it)
[0.610s] Copying build/sutd_ws/sutd_ws.egg-info to /home/tan/ros2_ws/src/sutd_ws/install/sutd_ws/lib/python3.10/site-packages/sutd_ws-0.0.0-py3.10.egg-info
[0.610s] running install_scripts
[0.626s] Installing autonomous_driving script to /home/tan/ros2_ws/src/sutd_ws/install/sutd_ws/lib/sutd_ws
[0.626s] Installing autonomous_driving2 script to /home/tan/ros2_ws/src/sutd_ws/install/sutd_ws/lib/sutd_ws
[0.626s] Installing depth script to /home/tan/ros2_ws/src/sutd_ws/install/sutd_ws/lib/sutd_ws
[0.628s] Installing final_code script to /home/tan/ros2_ws/src/sutd_ws/install/sutd_ws/lib/sutd_ws
[0.628s] Installing gap_follower script to /home/tan/ros2_ws/src/sutd_ws/install/sutd_ws/lib/sutd_ws
[0.628s] Installing gap_follower2 script to /home/tan/ros2_ws/src/sutd_ws/install/sutd_ws/lib/sutd_ws
[0.628s] Installing gap_follower3 script to /home/tan/ros2_ws/src/sutd_ws/install/sutd_ws/lib/sutd_ws
[0.628s] Installing keypressed_calculator script to /home/tan/ros2_ws/src/sutd_ws/install/sutd_ws/lib/sutd_ws
[0.628s] Installing keypressed_talker script to /home/tan/ros2_ws/src/sutd_ws/install/sutd_ws/lib/sutd_ws
[0.631s] Installing oldcode script to /home/tan/ros2_ws/src/sutd_ws/install/sutd_ws/lib/sutd_ws
[0.633s] Installing remote_control script to /home/tan/ros2_ws/src/sutd_ws/install/sutd_ws/lib/sutd_ws
[0.633s] Installing remote_control2 script to /home/tan/ros2_ws/src/sutd_ws/install/sutd_ws/lib/sutd_ws
[0.633s] Installing safety_driving script to /home/tan/ros2_ws/src/sutd_ws/install/sutd_ws/lib/sutd_ws
[0.633s] Installing wall_follower script to /home/tan/ros2_ws/src/sutd_ws/install/sutd_ws/lib/sutd_ws
[0.633s] writing list of installed files to '/home/tan/ros2_ws/src/sutd_ws/build/sutd_ws/install.log'
[0.651s] Invoked command in '/home/tan/ros2_ws/src/sutd_ws' returned '0': PYTHONPATH=/home/tan/ros2_ws/src/sutd_ws/build/sutd_ws/prefix_override:/usr/lib/python3/dist-packages/colcon_core/task/python/colcon_distutils_commands:/home/tan/ros2_ws/src/sutd_ws/install/sutd_ws/lib/python3.10/site-packages:${PYTHONPATH} /usr/bin/python3 -W ignore:setup.py install is deprecated -W ignore:easy_install command is deprecated setup.py egg_info --egg-base build/sutd_ws build --build-base /home/tan/ros2_ws/src/sutd_ws/build/sutd_ws/build install --record /home/tan/ros2_ws/src/sutd_ws/build/sutd_ws/install.log --single-version-externally-managed install_data
